0x0000000000001000 in ?? ()
The target architecture is set to "riscv:rv64".

=== Reset ROM ===
PASS: reset PC is 0x1000
=> 0x1000:	auipc	t0,0x0
   0x1004:	addi	a2,t0,40
   0x1008:	csrr	a0,mhartid
   0x100c:	ld	a1,32(t0)
   0x1010:	ld	t0,24(t0)
   0x1014:	jr	t0
PASS: QEMU loaded the kernel before the first CPU instruction
0x0000000000001004 in ?? ()
=> 0x0000000000001004:	13 86 82 02	addi	a2,t0,40
0x0000000000001008 in ?? ()
=> 0x0000000000001008:	73 25 40 f1	csrr	a0,mhartid
0x000000000000100c in ?? ()
=> 0x000000000000100c:	83 b5 02 02	ld	a1,32(t0)
0x0000000000001010 in ?? ()
=> 0x0000000000001010:	83 b2 82 01	ld	t0,24(t0)
0x0000000000001014 in ?? ()
=> 0x0000000000001014:	67 80 02 00	jr	t0
0x0000000080000000 in ?? ()
=> 0x0000000080000000:	33 04 05 00	add	s0,a0,zero
PASS: reset ROM transfers control to OpenSBI
pc             0x80000000	0x80000000
a0             0x0	0
a1             0x87000000	2264924160
a2             0x1028	4136
=> 0x80000000:	add	s0,a0,zero
   0x80000004:	add	s1,a1,zero
   0x80000008:	add	s2,a2,zero
   0x8000000c:	jal	ra,0x800006a0
   0x80000010:	add	a6,a0,zero
   0x80000014:	add	a0,s0,zero
   0x80000018:	add	a1,s1,zero
   0x8000001c:	add	a2,s2,zero

=== Kernel entry ===
Hardware assisted breakpoint 1 at 0x80200000: file kern/init/entry.S, line 7.
